// Vitest Snapshot v1, https://vitest.dev/guide/snapshot.html

exports[`preprocessV1Input > produces stable output for import-trace.txt 1`] = `
{
  "context": "vite/convex / src/server.ts:1:1",
  "diagnosticIssues": [],
  "diagnosticSummaries": [],
  "failureSignals": [],
  "frames": [
    {
      "functionName": "loadAndTransform",
      "location": "chunks/node.js:30018:31",
      "raw": "at loadAndTransform (file:///home/bear/Repositories/fictional-process3/node_modules/.pnpm/@voidzero-dev+vite-plus-core@0.1.18_@types+node@24.12.2_esbuild@0.27.7_jiti@2.6.1_tsx@4.21.0_typescript@6.0.3_yaml@2.8.3/node_modules/@voidzero-dev/vite-plus-core/dist/vite/node/chunks/node.js:30018:31) {",
      "text": "loadAndTransform@chunks/node.js:30018:31",
    },
    {
      "functionName": "reviveInvokeError",
      "location": "node/module-runner.js:539:64",
      "raw": "at reviveInvokeError (file:///home/bear/Repositories/fictional-process3/node_modules/.pnpm/@voidzero-dev+vite-plus-core@0.1.18_@types+node@24.12.2_esbuild@0.27.7_jiti@2.6.1_tsx@4.21.0_typescript@6.0.3_yaml@2.8.3/node_modules/@voidzero-dev/vite-plus-core/dist/vite/node/module-runner.js:539:64)",
      "text": "reviveInvokeError@node/module-runner.js:539:64",
    },
    {
      "functionName": "Object.invoke",
      "location": "node/module-runner.js:612:11",
      "raw": "at Object.invoke (file:///home/bear/Repositories/fictional-process3/node_modules/.pnpm/@voidzero-dev+vite-plus-core@0.1.18_@types+node@24.12.2_esbuild@0.27.7_jiti@2.6.1_tsx@4.21.0_typescript@6.0.3_yaml@2.8.3/node_modules/@voidzero-dev/vite-plus-core/dist/vite/node/module-runner.js:612:11)",
      "text": "Object.invoke@node/module-runner.js:612:11",
    },
    {
      "functionName": "ModuleRunner.getModuleInformation",
      "location": "node/module-runner.js:1187:7",
      "raw": "at ModuleRunner.getModuleInformation (file:///home/bear/Repositories/fictional-process3/node_modules/.pnpm/@voidzero-dev+vite-plus-core@0.1.18_@types+node@24.12.2_esbuild@0.27.7_jiti@2.6.1_tsx@4.21.0_typescript@6.0.3_yaml@2.8.3/node_modules/@voidzero-dev/vite-plus-core/dist/vite/node/module-runner.js:1187:7)",
      "text": "ModuleRunner.getModuleInformation@node/module-runner.js:1187:7",
    },
    {
      "functionName": "request",
      "location": "node/module-runner.js:1204:83",
      "raw": "at request (file:///home/bear/Repositories/fictional-process3/node_modules/.pnpm/@voidzero-dev+vite-plus-core@0.1.18_@types+node@24.12.2_esbuild@0.27.7_jiti@2.6.1_tsx@4.21.0_typescript@6.0.3_yaml@2.8.3/node_modules/@voidzero-dev/vite-plus-core/dist/vite/node/module-runner.js:1204:83)",
      "text": "request@node/module-runner.js:1204:83",
    },
    {
      "functionName": null,
      "location": "src/server.ts:1:1",
      "raw": "at /home/bear/Repositories/fictional-process3/src/server.ts:1:1",
      "text": "src/server.ts:1:1",
    },
    {
      "functionName": "ESModulesEvaluator.runInlinedModule",
      "location": "node/module-runner.js:992:3",
      "raw": "at ESModulesEvaluator.runInlinedModule (file:///home/bear/Repositories/fictional-process3/node_modules/.pnpm/@voidzero-dev+vite-plus-core@0.1.18_@types+node@24.12.2_esbuild@0.27.7_jiti@2.6.1_tsx@4.21.0_typescript@6.0.3_yaml@2.8.3/node_modules/@voidzero-dev/vite-plus-core/dist/vite/node/module-runner.js:992:3)",
      "text": "ESModulesEvaluator.runInlinedModule@node/module-runner.js:992:3",
    },
    {
      "functionName": "ModuleRunner.directRequest",
      "location": "node/module-runner.js:1247:59",
      "raw": "at ModuleRunner.directRequest (file:///home/bear/Repositories/fictional-process3/node_modules/.pnpm/@voidzero-dev+vite-plus-core@0.1.18_@types+node@24.12.2_esbuild@0.27.7_jiti@2.6.1_tsx@4.21.0_typescript@6.0.3_yaml@2.8.3/node_modules/@voidzero-dev/vite-plus-core/dist/vite/node/module-runner.js:1247:59)",
      "text": "ModuleRunner.directRequest@node/module-runner.js:1247:59",
    },
  ],
  "headline": "Failed to load url ../instrument.server.mjs",
  "keptLineCount": 20,
  "lines": [
    "fictional-process3 main  ? ❯ vp run dev",
    "$ concurrently -k -n vite,convex -c blue,green "vp dev --port 3000" "convex dev" ⊘ cache disabled",
    "",
    "➜  Local:   http://localhost:3000/",
    "4/18/2026, 5:38:33 PM [CONVEX M(auth:store)] [INFO] '\`auth:store\` type: refreshSession'",
    "4/18/2026, 5:40:13 PM [CONVEX M(auth:store)] [INFO] '\`auth:store\` type: refreshSession'",
    "Error: Failed to load url ../instrument.server.mjs (resolved id: ../instrument.server.mjs) in /home/bear/Repositories/fictional-process3/src/server.ts. Does the file exist?",
    "at loadAndTransform (file:///home/bear/Repositories/fictional-process3/node_modules/.pnpm/@voidzero-dev+vite-plus-core@0.1.18_@types+node@24.12.2_esbuild@0.27.7_jiti@2.6.1_tsx@4.21.0_typescript@6.0.3_yaml@2.8.3/node_modules/@voidzero-dev/vite-plus-core/dist/vite/node/chunks/node.js:30018:31) {",
    "code: 'ERR_LOAD_URL',",
    "runnerError: Error: RunnerError",
    "at reviveInvokeError (file:///home/bear/Repositories/fictional-process3/node_modules/.pnpm/@voidzero-dev+vite-plus-core@0.1.18_@types+node@24.12.2_esbuild@0.27.7_jiti@2.6.1_tsx@4.21.0_typescript@6.0.3_yaml@2.8.3/node_modules/@voidzero-dev/vite-plus-core/dist/vite/node/module-runner.js:539:64)",
    "at Object.invoke (file:///home/bear/Repositories/fictional-process3/node_modules/.pnpm/@voidzero-dev+vite-plus-core@0.1.18_@types+node@24.12.2_esbuild@0.27.7_jiti@2.6.1_tsx@4.21.0_typescript@6.0.3_yaml@2.8.3/node_modules/@voidzero-dev/vite-plus-core/dist/vite/node/module-runner.js:612:11)",
    "at ModuleRunner.getModuleInformation (file:///home/bear/Repositories/fictional-process3/node_modules/.pnpm/@voidzero-dev+vite-plus-core@0.1.18_@types+node@24.12.2_esbuild@0.27.7_jiti@2.6.1_tsx@4.21.0_typescript@6.0.3_yaml@2.8.3/node_modules/@voidzero-dev/vite-plus-core/dist/vite/node/module-runner.js:1187:7)",
    "at request (file:///home/bear/Repositories/fictional-process3/node_modules/.pnpm/@voidzero-dev+vite-plus-core@0.1.18_@types+node@24.12.2_esbuild@0.27.7_jiti@2.6.1_tsx@4.21.0_typescript@6.0.3_yaml@2.8.3/node_modules/@voidzero-dev/vite-plus-core/dist/vite/node/module-runner.js:1204:83)",
    "at /home/bear/Repositories/fictional-process3/src/server.ts:1:1",
    "at ESModulesEvaluator.runInlinedModule (file:///home/bear/Repositories/fictional-process3/node_modules/.pnpm/@voidzero-dev+vite-plus-core@0.1.18_@types+node@24.12.2_esbuild@0.27.7_jiti@2.6.1_tsx@4.21.0_typescript@6.0.3_yaml@2.8.3/node_modules/@voidzero-dev/vite-plus-core/dist/vite/node/module-runner.js:992:3)",
    "at ModuleRunner.directRequest (file:///home/bear/Repositories/fictional-process3/node_modules/.pnpm/@voidzero-dev+vite-plus-core@0.1.18_@types+node@24.12.2_esbuild@0.27.7_jiti@2.6.1_tsx@4.21.0_typescript@6.0.3_yaml@2.8.3/node_modules/@voidzero-dev/vite-plus-core/dist/vite/node/module-runner.js:1247:59)",
    "}",
    "File /home/bear/Repositories/fictional-process3/src/routeTree.gen.ts was modified by another process during processing.",
    "Filesystem changed during push, retrying...",
  ],
  "noiseBuckets": [
    {
      "count": 379,
      "key": "duplicate-lines",
      "label": "duplicate signal lines",
      "sample": "",
    },
    {
      "count": 47,
      "key": "hmr-update",
      "label": "vite hmr update",
      "sample": "5:40:07 PM [vite+] (client) hmr update /src/styles/globals.css?direct, /src/components/landing/landing-waitlist.tsx",
    },
    {
      "count": 43,
      "key": "page-reload",
      "label": "page reload",
      "sample": "5:40:16 PM [vite+] (ssr) page reload src/features/workspace/write-layout-prefs.ts",
    },
    {
      "count": 17,
      "key": "tsconfig-changed",
      "label": "tsconfig changed",
      "sample": "5:40:16 PM [vite+] changed tsconfig file detected: /home/bear/Repositories/fictional-process3/tsconfig.json - Clearing cache and forcing full-reload to ensure TypeScript is compiled with updated config values.",
    },
    {
      "count": 6,
      "key": "server-restart",
      "label": "server restart",
      "sample": "5:40:16 PM [vite+] vite.config.ts changed, restarting server...",
    },
    {
      "count": 5,
      "key": "convex-prepare",
      "label": "convex prepare",
      "sample": "- Preparing Convex functions...",
    },
    {
      "count": 5,
      "key": "convex-ready",
      "label": "convex ready",
      "sample": "✔ 17:04:40 Convex functions ready! (5.97s)",
    },
    {
      "count": 4,
      "key": "debugger",
      "label": "debugger banner",
      "sample": "Debugger listening on ws://127.0.0.1:38017/bd923165-e2d9-4872-9171-c41516a5bc26",
    },
    {
      "count": 4,
      "key": "debugger-help",
      "label": "debugger help",
      "sample": "For help, see: https://nodejs.org/en/docs/inspector",
    },
    {
      "count": 3,
      "key": "server-restarted",
      "label": "server restarted",
      "sample": "5:40:17 PM [vite+] server restarted.",
    },
    {
      "count": 2,
      "key": "vite-banner",
      "label": "vite banner",
      "sample": "VITE+ - The Unified Toolchain for the Web",
    },
    {
      "count": 1,
      "key": "network-banner",
      "label": "network banner",
      "sample": "➜  Network: use --host to expose",
    },
  ],
  "originalLineCount": 538,
  "removedDividerCount": 0,
  "removedDuplicateCount": 379,
  "removedEmptyCount": 2,
  "signalLines": [
    "fictional-process3 main  ? ❯ vp run dev",
    "$ concurrently -k -n vite,convex -c blue,green "vp dev --port 3000" "convex dev" ⊘ cache disabled",
    "➜ Local: http://localhost:3000/",
    "4/18/2026, 5:38:33 PM [CONVEX M(auth:store)] [INFO] '\`auth:store\` type: refreshSession'",
    "4/18/2026, 5:40:13 PM [CONVEX M(auth:store)] [INFO] '\`auth:store\` type: refreshSession'",
    "code 'ERR_LOAD_URL',",
    "runnerError Error: RunnerError",
    "}",
    "File /home/bear/Repositories/fictional-process3/src/routeTree.gen.ts was modified by another process during processing.",
    "Filesystem changed during push, retrying...",
  ],
  "text": "ERR Failed to load url ../instrument.server.mjs
CTX vite/convex / src/server.ts:1:1
TOP chunks/node.js:30018:31 | loadAndTransform | node/module-runner.js:539:64
FRAMES loadAndTransform@chunks/node.js:30018:31 > reviveInvokeError@node/module-runner.js:539:64 > Object.invoke@node/module-runner.js:612:11 > ModuleRunner.getModuleInformation@node/module-runner.js:1187:7 > request@node/module-runner.js:1204:83 > src/server.ts:1:1 > ESModulesEvaluator.runInlinedModule@node/module-runner.js:992:3 > ModuleRunner.directRequest@node/module-runner.js:1247:59
SIG fictional-process3 main  ? ❯ vp run dev ; $ concurrently -k -n vite,convex -c blue,green "vp dev --port 3000" "convex dev" ⊘ cache disabled ; ➜ Local: http://localhost:3000/ ; 4/18/2026, 5:38:33 PM [CONVEX M(auth:store)] [INFO] '\`auth:store\` type: refreshSession' ; +6 more
NOISE duplicate signal lines x379; vite hmr update x47; page reload x43; tsconfig changed x17; server restart x6; convex prepare x5",
  "topSources": [
    "chunks/node.js:30018:31",
    "loadAndTransform",
    "node/module-runner.js:539:64",
  ],
}
`;

exports[`preprocessV1Input > produces stable output for import-trace-2.txt 1`] = `
{
  "context": null,
  "diagnosticIssues": [],
  "diagnosticSummaries": [],
  "failureSignals": [],
  "frames": [],
  "headline": null,
  "keptLineCount": 77,
  "lines": [
    "pnpm dev",
    "WARN  Unsupported engine: wanted: {"node":"24.x"} (current: {"node":"v25.2.1","pnpm":"10.33.0"})",
    "> error-wolf@0.0.1 dev /home/bear/Repositories/better-errors",
    "> next dev --turbopack",
    "⚠ Port 3000 is in use by process 164619, using available port 3001 instead.",
    "▲ Next.js 16.1.7 (Turbopack, Cache Components)",
    "- Local:         http://localhost:3001",
    "- Network:       http://192.168.1.186:3001",
    "- Experiments (use with caution):",
    "· clientTraceMetadata",
    "✓ viewTransition",
    "✓ Starting...",
    "✓ Ready in 2.6s",
    "○ Compiling /privacy ...",
    "GET /privacy 200 in 4.8s (compile: 4.4s, render: 398ms)",
    "GET / 200 in 51ms (compile: 24ms, render: 27ms)",
    "GET /hunt 200 in 1771ms (compile: 1718ms, render: 53ms)",
    "POST / 303 in 1787ms (compile: 2ms, render: 1785ms)",
    "GET / 200 in 166ms (compile: 5ms, render: 161ms)",
    "GET /manifest.webmanifest 200 in 491ms (compile: 483ms, render: 8ms)",
    "GET /manifest.webmanifest 200 in 4ms (compile: 1558µs, render: 2ms)",
    "Route / is rendering with server caches disabled. For this navigation, Component Metadata in React DevTools will not accurately reflect what is statically prerenderable and runtime prefetchable. See more info here: https://nextjs.org/docs/messages/cache-bypass-in-dev",
    "GET / 200 in 56ms (compile: 2ms, render: 54ms)",
    "GET /manifest.webmanifest 200 in 6ms (compile: 2ms, render: 4ms)",
    "GET /hunt 200 in 37ms (compile: 2ms, render: 34ms)",
    "POST / 303 in 53ms (compile: 3ms, render: 51ms)",
    "GET /manifest.webmanifest 200 in 4ms (compile: 1582µs, render: 2ms)",
    "✓ Compiled in 28ms",
    "✓ Compiled in 228ms",
    "✓ Compiled in 173ms",
    "✓ Compiled in 147ms",
    "✓ Compiled in 63ms",
    "✓ Compiled in 117ms",
    "✓ Compiled in 113ms",
    "✓ Compiled in 221ms",
    "✓ Compiled in 187ms",
    "✓ Compiled in 182ms",
    "⨯ ./app/hunt/processing-instruments/constellation.tsx:7:1",
    "Export RATE_WINDOW_MS doesn't exist in target module",
    "5 | import { cn } from "@/lib/utils"",
    "6 |",
    ">  7 | import {",
    "| ^^^^^^^^",
    ">  8 |   normalizeRate,",
    "| ^^^^^^^^^^^^^^^^",
    ">  9 |   readCssVar,",
    "> 10 |   RATE_WINDOW_MS,",
    "> 11 |   statusLabel,",
    "> 12 |   statusTone,",
    "> 13 |   type InstrumentProps,",
    "> 14 |   type InstrumentStep,",
    "> 15 | } from "./types"",
    "| ^^^^^^^^^^^^^^^^^",
    "16 |",
    "17 | type Comet = {",
    "18 |   /** 0 = fresh arrival, increases each frame. */",
    "The export RATE_WINDOW_MS was not found in module [project]/app/hunt/processing-instruments/types.ts [app-client] (ecmascript).",
    "Did you mean to import RATE_KNEE?",
    "All exports of the module are statically known (It doesn't have dynamic exports). So it's known statically that the requested export doesn't exist.",
    "Import traces:",
    "Client Component Browser:",
    "./app/hunt/processing-instruments/constellation.tsx [Client Component Browser]",
    "./app/hunt/processing-dag.tsx [Client Component Browser]",
    "./app/hunt/hunt-client.tsx [Client Component Browser]",
    "./app/hunt/hunt-client.tsx [Server Component]",
    "./app/hunt/page.tsx [Server Component]",
    "Client Component SSR:",
    "./app/hunt/processing-instruments/constellation.tsx [Client Component SSR]",
    "./app/hunt/processing-dag.tsx [Client Component SSR]",
    "./app/hunt/hunt-client.tsx [Client Component SSR]",
    "./app/hunt/processing-instruments/constellation.tsx:7:1",
    "The export RATE_WINDOW_MS was not found in module [project]/app/hunt/processing-instruments/types.ts [app-ssr] (ecmascript).",
    "./app/hunt/processing-instruments/waterfall.tsx:7:1",
    "17 | const ROW_INTERVAL_MS = 80",
    "18 | const MAX_ROWS = 140",
    "./app/hunt/processing-instruments/waterfall.tsx [Client Component Browser]",
    "./app/hunt/processing-instruments/waterfall.tsx [Client Component SSR]",
  ],
  "noiseBuckets": [
    {
      "count": 124,
      "key": "duplicate-lines",
      "label": "duplicate signal lines",
      "sample": "| ^^^^^^^^^^^^^^^^",
    },
  ],
  "originalLineCount": 226,
  "removedDividerCount": 0,
  "removedDuplicateCount": 124,
  "removedEmptyCount": 25,
  "signalLines": [
    "pnpm dev",
    "WARN Unsupported engine: wanted: {"node":"24.x"} (current: {"node":"v25.2.1","pnpm":"10.33.0"})",
    "> error-wolf@0.0.1 dev /home/bear/Repositories/better-errors",
    "> next dev --turbopack",
    "⚠ Port 3000 is in use by process 164619, using available port 3001 instead.",
    "▲ Next.js 16.1.7 (Turbopack, Cache Components)",
    "- Local: http://localhost:3001",
    "- Network: http://192.168.1.186:3001",
    "- Experiments (use with caution):",
    "· clientTraceMetadata",
    "✓ viewTransition",
    "✓ Starting...",
    "✓ Ready in 2.6s",
    "○ Compiling /privacy ...",
    "GET /privacy 200 in 4.8s (compile: 4.4s, render: 398ms)",
    "GET / 200 in 51ms (compile: 24ms, render: 27ms)",
    "GET /hunt 200 in 1771ms (compile: 1718ms, render: 53ms)",
    "POST / 303 in 1787ms (compile: 2ms, render: 1785ms)",
    "GET / 200 in 166ms (compile: 5ms, render: 161ms)",
    "GET /manifest.webmanifest 200 in 491ms (compile: 483ms, render: 8ms)",
    "GET /manifest.webmanifest 200 in 4ms (compile: 1558µs, render: 2ms)",
    "Route / is rendering with server caches disabled. For this navigation, Component Metadata in React DevTools will not accurately reflect what is statically prerenderable and runtime prefetchable. See more info here: https://nextjs.org/docs/messages/cache-bypass-in-dev",
    "GET / 200 in 56ms (compile: 2ms, render: 54ms)",
    "GET /manifest.webmanifest 200 in 6ms (compile: 2ms, render: 4ms)",
    "GET /hunt 200 in 37ms (compile: 2ms, render: 34ms)",
    "POST / 303 in 53ms (compile: 3ms, render: 51ms)",
    "GET /manifest.webmanifest 200 in 4ms (compile: 1582µs, render: 2ms)",
    "✓ Compiled in 28ms",
    "✓ Compiled in 228ms",
    "✓ Compiled in 173ms",
    "✓ Compiled in 147ms",
    "✓ Compiled in 63ms",
    "✓ Compiled in 117ms",
    "✓ Compiled in 113ms",
    "✓ Compiled in 221ms",
    "✓ Compiled in 187ms",
    "✓ Compiled in 182ms",
    "⨯ ./app/hunt/processing-instruments/constellation.tsx:7:1",
    "Export RATE_WINDOW_MS doesn't exist in target module",
    "5 | import { cn } from "@/lib/utils"",
    "6 |",
    "> 7 | import {",
    "| ^^^^^^^^",
    "> 8 | normalizeRate,",
    "| ^^^^^^^^^^^^^^^^",
    "> 9 | readCssVar,",
    "> 10 | RATE_WINDOW_MS,",
    "> 11 | statusLabel,",
    "> 12 | statusTone,",
    "> 13 | type InstrumentProps,",
    "> 14 | type InstrumentStep,",
    "> 15 | } from "./types"",
    "| ^^^^^^^^^^^^^^^^^",
    "16 |",
    "17 | type Comet = {",
    "18 | /** 0 = fresh arrival, increases each frame. */",
    "The export RATE_WINDOW_MS was not found in module [project]/app/hunt/processing-instruments/types.ts [app-client] (ecmascript).",
    "Did you mean to import RATE_KNEE?",
    "All exports of the module are statically known (It doesn't have dynamic exports). So it's known statically that the requested export doesn't exist.",
    "Import traces:",
    "Client Component Browser:",
    "./app/hunt/processing-instruments/constellation.tsx [Client Component Browser]",
    "./app/hunt/processing-dag.tsx [Client Component Browser]",
    "./app/hunt/hunt-client.tsx [Client Component Browser]",
    "./app/hunt/hunt-client.tsx [Server Component]",
    "./app/hunt/page.tsx [Server Component]",
    "Client Component SSR:",
    "./app/hunt/processing-instruments/constellation.tsx [Client Component SSR]",
    "./app/hunt/processing-dag.tsx [Client Component SSR]",
    "./app/hunt/hunt-client.tsx [Client Component SSR]",
    "./app/hunt/processing-instruments/constellation.tsx:7:1",
    "The export RATE_WINDOW_MS was not found in module [project]/app/hunt/processing-instruments/types.ts [app-ssr] (ecmascript).",
    "./app/hunt/processing-instruments/waterfall.tsx:7:1",
    "17 | const ROW_INTERVAL_MS = 80",
    "18 | const MAX_ROWS = 140",
    "./app/hunt/processing-instruments/waterfall.tsx [Client Component Browser]",
    "./app/hunt/processing-instruments/waterfall.tsx [Client Component SSR]",
  ],
  "text": "SIG pnpm dev ; WARN Unsupported engine: wanted: {"node":"24.x"} (current: {"node":"v25.2.1","pnpm":"10.33.0"}) ; > error-wolf@0.0.1 dev /home/bear/Repositories/better-errors ; > next dev --turbopack ; +73 more
NOISE duplicate signal lines x124",
  "topSources": [],
}
`;

exports[`preprocessV1Input > produces stable output for pre-commit-spelling.txt 1`] = `
{
  "context": "cspell/vp/pre-commit",
  "diagnosticIssues": [
    "AGENTS.md:11:64 unknown(scifi)",
    "src/env/sentry-server.ts:31:40 unknown(Dsns)",
    "src/features/preferences/editor-typography.ts:58:36 unknown(behaviour)",
    "src/features/workspace/workspace-library-grid.tsx:381:8 unknown(Organise)",
    "src/routes/wugtdwtcfy.ts:3:33 unknown(Dsns)",
    "src/routes/wugtdwtcfy.ts:23:22 unknown(Dsns)",
    "src/routes/wugtdwtcfy.ts:23:52 unknown(Dsns)",
    "src/routes/wugtdwtcfy.ts:24:20 unknown(Dsns)",
    "src/routes/wugtdwtcfy.ts:27:74 unknown(Dsns)",
    "src/server/sentry-tunnel.ts:9:10 unknown(Dsns)",
    "src/server/sentry-tunnel.ts:13:12 unknown(Dsns)",
    "src/server/sentry-tunnel.ts:13:29 unknown(Dsns)",
  ],
  "diagnosticSummaries": [
    "cspell 12 issues/6 files (199 checked)",
  ],
  "failureSignals": [
    "cspell lint --no-progress --config .cspell/cspell.json failed",
    "vp check --fix killed",
    "cspell lint --no-progress --config .cspell/cspell.json failed",
    "vp check --fix killed",
    "pre-commit failed (code 1)",
  ],
  "frames": [],
  "headline": "cspell 12 issues/6 files",
  "keptLineCount": 31,
  "lines": [
    "> git -c user.useConfigOnly=true commit --quiet --allow-empty-message --file -",
    "Backing up original state...",
    "Backed up original state in git stash (6f68566)",
    "Running tasks for staged files...",
    "Config object — 246 files",
    "* — 246 files",
    "*.{ts,tsx,md,mdx} — 224 files",
    "vp check --fix",
    "cspell lint --no-progress --config .cspell/cspell.json",
    "cspell lint --no-progress --config .cspell/cspell.json [FAILED]",
    "Applying modifications from tasks...",
    "Skipped because of errors from tasks.",
    "Reverting to original state because of errors...",
    "vp check --fix [SIGKILL]",
    "Cleaning up temporary files...",
    "✖ cspell lint --no-progress --config .cspell/cspell.json:",
    "AGENTS.md:11:64 - Unknown word (scifi)",
    "src/env/sentry-server.ts:31:40 - Unknown word (Dsns)",
    "src/features/preferences/editor-typography.ts:58:36 - Unknown word (behaviour)",
    "src/features/workspace/workspace-library-grid.tsx:381:8 - Unknown word (Organise)",
    "src/routes/wugtdwtcfy.ts:3:33 - Unknown word (Dsns)",
    "src/routes/wugtdwtcfy.ts:23:22 - Unknown word (Dsns)",
    "src/routes/wugtdwtcfy.ts:23:52 - Unknown word (Dsns)",
    "src/routes/wugtdwtcfy.ts:24:20 - Unknown word (Dsns)",
    "src/routes/wugtdwtcfy.ts:27:74 - Unknown word (Dsns)",
    "src/server/sentry-tunnel.ts:9:10 - Unknown word (Dsns)",
    "src/server/sentry-tunnel.ts:13:12 - Unknown word (Dsns)",
    "src/server/sentry-tunnel.ts:13:29 - Unknown word (Dsns)",
    "CSpell: Files checked: 199, Issues found: 12 in 6 files.",
    "✖ Task killed: vp check --fix",
    "VITE+ - pre-commit script failed (code 1)",
  ],
  "noiseBuckets": [
    {
      "count": 5,
      "key": "duplicate-lines",
      "label": "duplicate signal lines",
      "sample": "cspell lint --no-progress --config .cspell/cspell.json [FAILED]",
    },
  ],
  "originalLineCount": 39,
  "removedDividerCount": 0,
  "removedDuplicateCount": 5,
  "removedEmptyCount": 3,
  "signalLines": [
    "cspell lint --no-progress --config .cspell/cspell.json failed",
    "vp check --fix killed",
    "pre-commit failed (code 1)",
    "> git -c user.useConfigOnly=true commit --quiet --allow-empty-message --file -",
    "Backing up original state...",
    "Backed up original state in git stash (6f68566)",
    "Running tasks for staged files...",
    "Config object — 246 files",
    "* — 246 files",
    "*.{ts,tsx,md,mdx} — 224 files",
    "vp check --fix",
    "cspell lint --no-progress --config .cspell/cspell.json",
    "Applying modifications from tasks...",
    "Skipped because of errors from tasks.",
    "Reverting to original state because of errors...",
    "Cleaning up temporary files...",
  ],
  "text": "ERR cspell 12 issues/6 files
CTX cspell/vp/pre-commit
TOP AGENTS.md:11:64 | src/env/sentry-server.ts:31:40 | src/features/preferences/editor-typography.ts:58:36
ISSUES cspell 12 issues/6 files (199 checked) ; AGENTS.md:11:64 unknown(scifi) ; src/env/sentry-server.ts:31:40 unknown(Dsns) ; src/features/preferences/editor-typography.ts:58:36 unknown(behaviour) ; src/features/workspace/workspace-library-grid.tsx:381:8 unknown(Organise) ; +8 more
SIG cspell lint --no-progress --config .cspell/cspell.json failed ; vp check --fix killed ; pre-commit failed (code 1)
NOISE duplicate signal lines x5",
  "topSources": [
    "AGENTS.md:11:64",
    "src/env/sentry-server.ts:31:40",
    "src/features/preferences/editor-typography.ts:58:36",
  ],
}
`;
